// Jest Snapshot v1, https://goo.gl/fbAQLP

exports[`fetch article should render correctly 1`] = `
<div>
  <ArticleComponent
    handleDislike={[Function]}
    handleLike={[Function]}
  />
</div>
`;
