// Jest Snapshot v1, https://goo.gl/fbAQLP

exports[`<DeleteArticleContainer/> should render DeleteArticle container without crashing 1`] = `ShallowWrapper {}`;
