// Jest Snapshot v1, https://goo.gl/fbAQLP

exports[`pagination component matches snapshot 1`] = `
<Fragment>
  <div
    aria-label="articles-pagination"
  >
    <ul
      className="pagination"
    >
      <li
        className="page-item active"
        key="0"
      >
        <a
          className="page-link"
          href="#"
          onClick={[Function]}
        >
          1
        </a>
      </li>
      <li
        className="page-item"
        key="1"
      >
        <a
          className="page-link"
          href="#"
          onClick={[Function]}
        >
          2
        </a>
      </li>
      <li
        className="page-item"
        key="2"
      >
        <a
          className="page-link"
          href="#"
          onClick={[Function]}
        >
          3
        </a>
      </li>
      <li
        className="page-item"
        key="3"
      >
        <a
          className="page-link"
          href="#"
          onClick={[Function]}
        >
          4
        </a>
      </li>
      <li
        className="page-item"
        key="4"
      >
        <a
          className="page-link"
          href="#"
          onClick={[Function]}
        >
          5
        </a>
      </li>
      <li
        className="page-item"
        key="5"
      >
        <a
          className="page-link"
          href="#"
          onClick={[Function]}
        >
          6
        </a>
      </li>
      <li
        className="page-item"
        key="6"
      >
        <a
          className="page-link"
          href="#"
          onClick={[Function]}
        >
          7
        </a>
      </li>
      <li
        className="page-item"
        key="7"
      >
        <a
          aria-label="Next"
          className="page-link"
          href="#"
          onClick={[Function]}
        >
          <span
            aria-hidden="true"
          >
            Â»
          </span>
          <span
            className="sr-only"
          >
            Next
          </span>
        </a>
      </li>
      <li
        className="page-item"
        key="8"
      >
        <a
          className="page-link"
          href="#"
          onClick={[Function]}
        >
          20
        </a>
      </li>
    </ul>
  </div>
</Fragment>
`;
