// Jest Snapshot v1, https://goo.gl/fbAQLP

exports[`<App /> matches snapshot 1`] = `
<Provider
  store={
    Object {
      "dispatch": [Function],
      "getState": [Function],
      "replaceReducer": [Function],
      "subscribe": [Function],
      Symbol(observable): [Function],
    }
  }
>
  <div
    className="App"
  >
    <div
      className="row"
    >
      <div
        className="col-md-4"
      >
         
      </div>
      <p
        className="card col-md-4 company_name"
      >
        Author's Haven
      </p>
      <div
        className="col-md-4"
      />
    </div>
  </div>
</Provider>
`;
