// Jest Snapshot v1, https://goo.gl/fbAQLP

exports[`<EditProfileContainer /> renders without fail 1`] = `ShallowWrapper {}`;
