// Jest Snapshot v1, https://goo.gl/fbAQLP

exports[`<ProfileComponent /> matches snapshot 1`] = `ShallowWrapper {}`;
