// Jest Snapshot v1, https://goo.gl/fbAQLP

exports[`<SpinnerComponent /> matches snapshot 1`] = `
<div
  className="spinner-div"
>
  <div
    className="spinner-grow text-primary"
    role="status"
  >
    <span
      className="sr-only"
    >
      Loading...
    </span>
  </div>
  <div
    className="spinner-grow text-secondary"
    role="status"
  >
    <span
      className="sr-only"
    >
      Loading...
    </span>
  </div>
  <div
    className="spinner-grow text-success"
    role="status"
  >
    <span
      className="sr-only"
    >
      Loading...
    </span>
  </div>
  <div
    className="spinner-grow text-danger"
    role="status"
  >
    <span
      className="sr-only"
    >
      Loading...
    </span>
  </div>
  <div
    className="spinner-grow text-warning"
    role="status"
  >
    <span
      className="sr-only"
    >
      Loading...
    </span>
  </div>
  <div
    className="spinner-grow text-info"
    role="status"
  >
    <span
      className="sr-only"
    >
      Loading...
    </span>
  </div>
</div>
`;
