// Jest Snapshot v1, https://goo.gl/fbAQLP

exports[`<Search /> renders without fail 1`] = `ShallowWrapper {}`;
