// Jest Snapshot v1, https://goo.gl/fbAQLP

exports[`<Home /> matches snapshot 1`] = `
<Fragment>
  <Connect(NavbarComponent) />
  <Connect(Articles) />
</Fragment>
`;
