// Jest Snapshot v1, https://goo.gl/fbAQLP

exports[`Article container renders without crashing 1`] = `
<ArticlePresentationComponent
  handleAddTag={[Function]}
  handleChange={[Function]}
  handleDeleteTag={[Function]}
  handleSubmit={[Function]}
  tags={Array []}
/>
`;
