// Jest Snapshot v1, https://goo.gl/fbAQLP

exports[`<Aux /> matches snapshot 1`] = `""`;
