// Jest Snapshot v1, https://goo.gl/fbAQLP

exports[`<NavbarComponent/> matches snapshot 1`] = `
<Fragment>
  <nav
    className="navbar navbar-expand-lg navbar-dark"
  >
    <button
      aria-controls="navbarTogglerDemo01"
      aria-expanded="false"
      aria-label="Toggle navigation"
      className="navbar-toggler nav-button"
      data-target="#navbarTogglerah"
      data-toggle="collapse"
      type="button"
    >
      <span
        className="navbar-toggler-icon"
      />
    </button>
    <div
      className="collapse navbar-collapse"
      id="navbarTogglerah"
    >
      <ul
        className="navbar-nav mr-auto mt-2 mt-lg-0"
      >
        <li
          className="nav-item active"
        >
          <Link
            className="nav-link"
            to="/"
          >
            Home
          </Link>
        </li>
      </ul>
      <ul
        className="navbar-nav ml-2 "
      >
        <li
          className="nav-item"
        >
          <Link
            className="nav-link"
            to="/login"
          >
            Login 
          </Link>
        </li>
        <li
          className="nav-item"
        >
          <Link
            className="nav-link nav-link-active"
            to="signup"
          >
            Signup 
          </Link>
        </li>
      </ul>
    </div>
  </nav>
</Fragment>
`;
