// Jest Snapshot v1, https://goo.gl/fbAQLP

exports[`<NotificationsContainer/> should render notifications container without crashing 1`] = `ShallowWrapper {}`;
