// Jest Snapshot v1, https://goo.gl/fbAQLP

exports[`<Errors /> matches snapshot 1`] = `
<Errors
  props={
    Object {
      "errors": Array [
        "Error message",
      ],
    }
  }
/>
`;
