// Jest Snapshot v1, https://goo.gl/fbAQLP

exports[`<SignupComponent/> should render SignupComponent without crashing 1`] = `ShallowWrapper {}`;
