// Jest Snapshot v1, https://goo.gl/fbAQLP

exports[`<UpdateArticleComponent/> matches snapshot 1`] = `
<Fragment>
  <div
    className="row"
  >
    <div
      className="col-md-2"
    />
    <div
      className="col-md-8"
    >
      <div
        className="card article-card"
      >
        <center>
          <h5
            className="edit-mode"
          >
            Edit Mode
          </h5>
        </center>
        <form
          onSubmit={[MockFunction]}
        >
          <div
            className="form-group"
          >
            <textarea
              className="title-input"
              id="title"
              onChange={[MockFunction]}
              placeholder="Title"
              value=""
            />
            <p
              className="error-display"
            />
          </div>
          <div>
            <img
              alt=""
              className="card-image"
              src="https://picsum.photos/600/300"
            />
          </div>
          <div
            className="form-group"
          >
            <textarea
              className="description-input"
              id="description"
              onChange={[MockFunction]}
              placeholder="Description"
              value=""
            />
            <p
              className="error-display"
            />
          </div>
          <div
            className="form-group"
          >
            <textarea
              className="body-input"
              id="body"
              onChange={[MockFunction]}
              placeholder="Body"
              value=""
            />
            <p
              className="error-display"
            />
          </div>
          <button
            className="postarticle-btn"
          >
            Update
          </button>
        </form>
      </div>
    </div>
    <div
      className="col-md-2"
    />
  </div>
</Fragment>
`;
