// Jest Snapshot v1, https://goo.gl/fbAQLP

exports[`<UpdateArticleContainer/> should render UpdateArticle container without crashing 1`] = `ShallowWrapper {}`;
